// Jest Snapshot v1, https://goo.gl/fbAQLP

exports[`renders correctly 1`] = `
<div>
  <div
    class="header"
  >
    <div
      class="search"
    >
      <input
        name="search"
        placeholder="Start typing to search"
        type="search"
      />
    </div>
    <div
      class="buttons"
    >
      <button
        class="btn btnSignup"
      >
        Sign up
      </button>
      <button
        class="btn"
      >
        Log in
      </button>
      <button
        class="btn"
      >
        ...
      </button>
    </div>
  </div>
</div>
`;
